
Sat Jun 22 11:50:38 IST 2024
Sat Jun 22 11:50:39 IST 2024
Sat Jun 22 12:17:46 IST 2024
Sat Jun 22 12:17:47 IST 2024
Sat Jun 22 12:17:48 IST 2024
Sat Jun 22 12:17:49 IST 2024
Sat Jun 22 12:17:50 IST 2024
Sat Jun 22 12:17:51 IST 2024
Sat Jun 22 12:17:52 IST 2024
Sat Jun 22 12:17:53 IST 2024
Sat Jun 22 12:17:54 IST 2024
Sat Jun 22 12:17:55 IST 2024
Sat Jun 22 12:17:56 IST 2024
Sat Jun 22 12:17:57 IST 2024
Sat Jun 22 12:17:58 IST 2024
Sat Jun 22 12:17:59 IST 2024
Sat Jun 22 12:18:00 IST 2024
Sat Jun 22 12:18:01 IST 2024
Sat Jun 22 12:18:02 IST 2024
Sat Jun 22 12:18:03 IST 2024
Sat Jun 22 12:18:04 IST 2024
Sat Jun 22 12:18:05 IST 2024
Sat Jun 22 12:18:06 IST 2024
Sat Jun 22 12:18:08 IST 2024
Sat Jun 22 12:18:09 IST 2024
Sat Jun 22 12:18:10 IST 2024
Sat Jun 22 12:18:11 IST 2024
Sat Jun 22 12:18:12 IST 2024
Sat Jun 22 12:18:13 IST 2024
Sat Jun 22 12:18:14 IST 2024
Sat Jun 22 12:18:15 IST 2024
Sat Jun 22 12:18:16 IST 2024
Sat Jun 22 12:18:17 IST 2024
Sat Jun 22 12:18:18 IST 2024
Sat Jun 22 12:18:19 IST 2024
Sat Jun 22 12:18:20 IST 2024
Sat Jun 22 12:18:21 IST 2024
Sat Jun 22 12:18:22 IST 2024
Sat Jun 22 12:18:23 IST 2024
Sat Jun 22 12:18:24 IST 2024
Sat Jun 22 12:18:25 IST 2024
Sat Jun 22 12:18:26 IST 2024
Sat Jun 22 12:18:27 IST 2024
Sat Jun 22 12:18:28 IST 2024
Sat Jun 22 12:18:29 IST 2024
Sat Jun 22 12:18:30 IST 2024
Sat Jun 22 12:18:31 IST 2024
Sat Jun 22 12:18:32 IST 2024
Sat Jun 22 12:18:33 IST 2024
Sat Jun 22 12:18:34 IST 2024
Sat Jun 22 12:18:35 IST 2024
Sat Jun 22 12:18:36 IST 2024
Sat Jun 22 12:18:37 IST 2024
Sat Jun 22 12:18:38 IST 2024
Sat Jun 22 12:18:39 IST 2024
Sat Jun 22 12:18:40 IST 2024
Sat Jun 22 12:18:41 IST 2024
Sat Jun 22 12:18:42 IST 2024
Sat Jun 22 12:18:43 IST 2024
Sat Jun 22 12:18:45 IST 2024
Sat Jun 22 12:18:46 IST 2024
Sat Jun 22 12:18:47 IST 2024
